// Jest Snapshot v1, https://goo.gl/fbAQLP

exports[`Button Component Renders 1`] = `
<div
  style={
    Object {
      "background": "#000000",
      "border": "1px solid darkgray",
      "color": "#FFFFFF",
      "float": "left",
      "fontSize": "10px",
      "height": "125px",
      "textAlign": "center",
      "width": "127px",
    }
  }
>
  <div
    style={
      Object {
        "padding": "2px 0",
      }
    }
  >
    <div
      style={
        Object {
          "margin": "auto",
          "width": "100px",
        }
      }
    >
      <div
        style={
          Object {
            "float": "left",
            "fontSize": "32px",
          }
        }
      >
        0
      </div>
    </div>
  </div>
  <div
    style={
      Object {
        "color": "#FFFFFF",
        "fontSize": "7px",
        "textAlign": "right",
      }
    }
  >
    21218 hour
  </div>
</div>
`;
